apiVersion: v1
kind: Namespace
metadata:
  labels:
    name: openshift-image-registry
  name: openshift-image-registry
