apiVersion: cert-manager.io/v1
kind: Certificate
metadata:
  annotations: {}
  labels:
    name: registry-route-tls
  name: registry-route-tls
  namespace: openshift-image-registry
spec:
  dnsNames:
    - registry.cluster.example.org
  issuerRef:
    kind: ClusterIssuer
    name: letsencrypt-staging
  secretName: registry-route-tls
