apiVersion: v1
data: {}
kind: Secret
metadata:
  annotations: {}
  labels:
    name: alt-route-tls
  name: alt-route-tls
  namespace: openshift-image-registry
stringData:
  ca.crt: ca certificate data
  tls.crt: certificate data
  tls.key: certificate key vault ref
type: kubernetes.io/tls
